// 重构日志: 98f968af
// 同步 ID: d5b8790a @ Fri Jul 24 11:15:03 UTC 2026
// 重构日志: 22a05658
// 同步 ID: 9c86a0e8 @ Sat Jul 25 11:02:42 UTC 2026
// 重构日志: d0ef87ae
// 重构日志: d81c5d48
// 重构日志: 78af2990
// 重构日志: 3dca9e2c
// 重构日志: ead996b8
// 同步 ID: a31c5d11 @ Wed Jul 29 05:49:15 UTC 2026
// 重构日志: 854cd715
// 重构日志: 7a7f5558
// 重构日志: eec3cb9b
// 重构日志: 007cf8c4
// 重构日志: e092ee1a
// 同步 ID: 19db3bc4 @ Fri Jul 31 14:13:37 UTC 2026
// 同步 ID: 09acbcc9 @ Sun Aug  2 05:20:16 UTC 2026
// 同步 ID: fc83a914 @ Sun Aug  2 10:39:54 UTC 2026
// 重构日志: 4b38664b
// 重构日志: eda60439
// 同步 ID: 87458c5a @ Mon Aug  3 16:21:21 UTC 2026
// 重构日志: 7c180e00
// 重构日志: ac86a8ca
// 重构日志: 0dd8b660
// 重构日志: 0f205579
// 重构日志: 3e876edc
// 同步 ID: 013ba8a2 @ Fri Aug  7 03:46:30 UTC 2026
// 重构日志: 8b8d0b49
// 同步 ID: 171bf2f3 @ Fri Aug  7 10:36:12 UTC 2026
// 同步 ID: 7a683de6 @ Fri Aug  7 12:43:54 UTC 2026
